  Determining projects to restore...
  All projects are up-to-date for restore.
  AlphaCinema.Core -> C:\Users\Tam Phuc\Documents\AlphaCinema_Project\backend\src\AlphaCinema.Core\bin\Debug\net9.0\AlphaCinema.Core.dll
  AlphaCinema.Infrastructure -> C:\Users\Tam Phuc\Documents\AlphaCinema_Project\backend\src\AlphaCinema.Infrastructure\bin\Debug\net9.0\AlphaCinema.Infrastructure.dll
  AlphaCinema.Services -> C:\Users\Tam Phuc\Documents\AlphaCinema_Project\backend\src\AlphaCinema.Services\bin\Debug\net9.0\AlphaCinema.Services.dll
C:\Program Files\dotnet\sdk\9.0.304\Microsoft.Common.CurrentVersion.targets(5093,5): warning MSB3026: Could not copy "C:\Users\Tam Phuc\Documents\AlphaCinema_Project\backend\src\AlphaCinema.Services\bin\Debug\net9.0\AlphaCinema.Services.dll" to "bin\Debug\net9.0\AlphaCinema.Services.dll". Beginning retry 1 in 1000ms. The process cannot access the file 'C:\Users\Tam Phuc\Documents\AlphaCinema_Project\backend\src\AlphaCinema.API\bin\Debug\net9.0\AlphaCinema.Services.dll' because it is being used by another process. The file is locked by: "AlphaCinema.API (14744)" [C:\Users\Tam Phuc\Documents\AlphaCinema_Project\backend\src\AlphaCinema.API\AlphaCinema.API.csproj]
C:\Program Files\dotnet\sdk\9.0.304\Microsoft.Common.CurrentVersion.targets(5093,5): warning MSB3026: Could not copy "C:\Users\Tam Phuc\Documents\AlphaCinema_Project\backend\src\AlphaCinema.Services\bin\Debug\net9.0\AlphaCinema.Services.dll" to "bin\Debug\net9.0\AlphaCinema.Services.dll". Beginning retry 2 in 1000ms. The process cannot access the file 'C:\Users\Tam Phuc\Documents\AlphaCinema_Project\backend\src\AlphaCinema.API\bin\Debug\net9.0\AlphaCinema.Services.dll' because it is being used by another process. The file is locked by: "AlphaCinema.API (14744)" [C:\Users\Tam Phuc\Documents\AlphaCinema_Project\backend\src\AlphaCinema.API\AlphaCinema.API.csproj]
C:\Program Files\dotnet\sdk\9.0.304\Microsoft.Common.CurrentVersion.targets(5093,5): warning MSB3026: Could not copy "C:\Users\Tam Phuc\Documents\AlphaCinema_Project\backend\src\AlphaCinema.Services\bin\Debug\net9.0\AlphaCinema.Services.dll" to "bin\Debug\net9.0\AlphaCinema.Services.dll". Beginning retry 3 in 1000ms. The process cannot access the file 'C:\Users\Tam Phuc\Documents\AlphaCinema_Project\backend\src\AlphaCinema.API\bin\Debug\net9.0\AlphaCinema.Services.dll' because it is being used by another process. The file is locked by: "AlphaCinema.API (14744)" [C:\Users\Tam Phuc\Documents\AlphaCinema_Project\backend\src\AlphaCinema.API\AlphaCinema.API.csproj]
C:\Program Files\dotnet\sdk\9.0.304\Microsoft.Common.CurrentVersion.targets(5093,5): warning MSB3026: Could not copy "C:\Users\Tam Phuc\Documents\AlphaCinema_Project\backend\src\AlphaCinema.Services\bin\Debug\net9.0\AlphaCinema.Services.dll" to "bin\Debug\net9.0\AlphaCinema.Services.dll". Beginning retry 4 in 1000ms. The process cannot access the file 'C:\Users\Tam Phuc\Documents\AlphaCinema_Project\backend\src\AlphaCinema.API\bin\Debug\net9.0\AlphaCinema.Services.dll' because it is being used by another process. The file is locked by: "AlphaCinema.API (14744)" [C:\Users\Tam Phuc\Documents\AlphaCinema_Project\backend\src\AlphaCinema.API\AlphaCinema.API.csproj]
C:\Program Files\dotnet\sdk\9.0.304\Microsoft.Common.CurrentVersion.targets(5093,5): warning MSB3026: Could not copy "C:\Users\Tam Phuc\Documents\AlphaCinema_Project\backend\src\AlphaCinema.Services\bin\Debug\net9.0\AlphaCinema.Services.dll" to "bin\Debug\net9.0\AlphaCinema.Services.dll". Beginning retry 5 in 1000ms. The process cannot access the file 'C:\Users\Tam Phuc\Documents\AlphaCinema_Project\backend\src\AlphaCinema.API\bin\Debug\net9.0\AlphaCinema.Services.dll' because it is being used by another process. The file is locked by: "AlphaCinema.API (14744)" [C:\Users\Tam Phuc\Documents\AlphaCinema_Project\backend\src\AlphaCinema.API\AlphaCinema.API.csproj]
C:\Program Files\dotnet\sdk\9.0.304\Microsoft.Common.CurrentVersion.targets(5093,5): warning MSB3026: Could not copy "C:\Users\Tam Phuc\Documents\AlphaCinema_Project\backend\src\AlphaCinema.Services\bin\Debug\net9.0\AlphaCinema.Services.dll" to "bin\Debug\net9.0\AlphaCinema.Services.dll". Beginning retry 6 in 1000ms. The process cannot access the file 'C:\Users\Tam Phuc\Documents\AlphaCinema_Project\backend\src\AlphaCinema.API\bin\Debug\net9.0\AlphaCinema.Services.dll' because it is being used by another process. The file is locked by: "AlphaCinema.API (14744)" [C:\Users\Tam Phuc\Documents\AlphaCinema_Project\backend\src\AlphaCinema.API\AlphaCinema.API.csproj]
C:\Program Files\dotnet\sdk\9.0.304\Microsoft.Common.CurrentVersion.targets(5093,5): warning MSB3026: Could not copy "C:\Users\Tam Phuc\Documents\AlphaCinema_Project\backend\src\AlphaCinema.Services\bin\Debug\net9.0\AlphaCinema.Services.dll" to "bin\Debug\net9.0\AlphaCinema.Services.dll". Beginning retry 7 in 1000ms. The process cannot access the file 'C:\Users\Tam Phuc\Documents\AlphaCinema_Project\backend\src\AlphaCinema.API\bin\Debug\net9.0\AlphaCinema.Services.dll' because it is being used by another process. The file is locked by: "AlphaCinema.API (14744)" [C:\Users\Tam Phuc\Documents\AlphaCinema_Project\backend\src\AlphaCinema.API\AlphaCinema.API.csproj]
C:\Program Files\dotnet\sdk\9.0.304\Microsoft.Common.CurrentVersion.targets(5093,5): warning MSB3026: Could not copy "C:\Users\Tam Phuc\Documents\AlphaCinema_Project\backend\src\AlphaCinema.Services\bin\Debug\net9.0\AlphaCinema.Services.dll" to "bin\Debug\net9.0\AlphaCinema.Services.dll". Beginning retry 8 in 1000ms. The process cannot access the file 'C:\Users\Tam Phuc\Documents\AlphaCinema_Project\backend\src\AlphaCinema.API\bin\Debug\net9.0\AlphaCinema.Services.dll' because it is being used by another process. The file is locked by: "AlphaCinema.API (14744)" [C:\Users\Tam Phuc\Documents\AlphaCinema_Project\backend\src\AlphaCinema.API\AlphaCinema.API.csproj]
C:\Program Files\dotnet\sdk\9.0.304\Microsoft.Common.CurrentVersion.targets(5093,5): warning MSB3026: Could not copy "C:\Users\Tam Phuc\Documents\AlphaCinema_Project\backend\src\AlphaCinema.Services\bin\Debug\net9.0\AlphaCinema.Services.dll" to "bin\Debug\net9.0\AlphaCinema.Services.dll". Beginning retry 9 in 1000ms. The process cannot access the file 'C:\Users\Tam Phuc\Documents\AlphaCinema_Project\backend\src\AlphaCinema.API\bin\Debug\net9.0\AlphaCinema.Services.dll' because it is being used by another process. The file is locked by: "AlphaCinema.API (14744)" [C:\Users\Tam Phuc\Documents\AlphaCinema_Project\backend\src\AlphaCinema.API\AlphaCinema.API.csproj]
C:\Program Files\dotnet\sdk\9.0.304\Microsoft.Common.CurrentVersion.targets(5093,5): warning MSB3026: Could not copy "C:\Users\Tam Phuc\Documents\AlphaCinema_Project\backend\src\AlphaCinema.Services\bin\Debug\net9.0\AlphaCinema.Services.dll" to "bin\Debug\net9.0\AlphaCinema.Services.dll". Beginning retry 10 in 1000ms. The process cannot access the file 'C:\Users\Tam Phuc\Documents\AlphaCinema_Project\backend\src\AlphaCinema.API\bin\Debug\net9.0\AlphaCinema.Services.dll' because it is being used by another process. The file is locked by: "AlphaCinema.API (14744)" [C:\Users\Tam Phuc\Documents\AlphaCinema_Project\backend\src\AlphaCinema.API\AlphaCinema.API.csproj]
C:\Program Files\dotnet\sdk\9.0.304\Microsoft.Common.CurrentVersion.targets(5093,5): error MSB3027: Could not copy "C:\Users\Tam Phuc\Documents\AlphaCinema_Project\backend\src\AlphaCinema.Services\bin\Debug\net9.0\AlphaCinema.Services.dll" to "bin\Debug\net9.0\AlphaCinema.Services.dll". Exceeded retry count of 10. Failed. The file is locked by: "AlphaCinema.API (14744)" [C:\Users\Tam Phuc\Documents\AlphaCinema_Project\backend\src\AlphaCinema.API\AlphaCinema.API.csproj]
C:\Program Files\dotnet\sdk\9.0.304\Microsoft.Common.CurrentVersion.targets(5093,5): error MSB3021: Unable to copy file "C:\Users\Tam Phuc\Documents\AlphaCinema_Project\backend\src\AlphaCinema.Services\bin\Debug\net9.0\AlphaCinema.Services.dll" to "bin\Debug\net9.0\AlphaCinema.Services.dll". The process cannot access the file 'C:\Users\Tam Phuc\Documents\AlphaCinema_Project\backend\src\AlphaCinema.API\bin\Debug\net9.0\AlphaCinema.Services.dll' because it is being used by another process. [C:\Users\Tam Phuc\Documents\AlphaCinema_Project\backend\src\AlphaCinema.API\AlphaCinema.API.csproj]

Build FAILED.

C:\Program Files\dotnet\sdk\9.0.304\Microsoft.Common.CurrentVersion.targets(5093,5): warning MSB3026: Could not copy "C:\Users\Tam Phuc\Documents\AlphaCinema_Project\backend\src\AlphaCinema.Services\bin\Debug\net9.0\AlphaCinema.Services.dll" to "bin\Debug\net9.0\AlphaCinema.Services.dll". Beginning retry 1 in 1000ms. The process cannot access the file 'C:\Users\Tam Phuc\Documents\AlphaCinema_Project\backend\src\AlphaCinema.API\bin\Debug\net9.0\AlphaCinema.Services.dll' because it is being used by another process. The file is locked by: "AlphaCinema.API (14744)" [C:\Users\Tam Phuc\Documents\AlphaCinema_Project\backend\src\AlphaCinema.API\AlphaCinema.API.csproj]
C:\Program Files\dotnet\sdk\9.0.304\Microsoft.Common.CurrentVersion.targets(5093,5): warning MSB3026: Could not copy "C:\Users\Tam Phuc\Documents\AlphaCinema_Project\backend\src\AlphaCinema.Services\bin\Debug\net9.0\AlphaCinema.Services.dll" to "bin\Debug\net9.0\AlphaCinema.Services.dll". Beginning retry 2 in 1000ms. The process cannot access the file 'C:\Users\Tam Phuc\Documents\AlphaCinema_Project\backend\src\AlphaCinema.API\bin\Debug\net9.0\AlphaCinema.Services.dll' because it is being used by another process. The file is locked by: "AlphaCinema.API (14744)" [C:\Users\Tam Phuc\Documents\AlphaCinema_Project\backend\src\AlphaCinema.API\AlphaCinema.API.csproj]
C:\Program Files\dotnet\sdk\9.0.304\Microsoft.Common.CurrentVersion.targets(5093,5): warning MSB3026: Could not copy "C:\Users\Tam Phuc\Documents\AlphaCinema_Project\backend\src\AlphaCinema.Services\bin\Debug\net9.0\AlphaCinema.Services.dll" to "bin\Debug\net9.0\AlphaCinema.Services.dll". Beginning retry 3 in 1000ms. The process cannot access the file 'C:\Users\Tam Phuc\Documents\AlphaCinema_Project\backend\src\AlphaCinema.API\bin\Debug\net9.0\AlphaCinema.Services.dll' because it is being used by another process. The file is locked by: "AlphaCinema.API (14744)" [C:\Users\Tam Phuc\Documents\AlphaCinema_Project\backend\src\AlphaCinema.API\AlphaCinema.API.csproj]
C:\Program Files\dotnet\sdk\9.0.304\Microsoft.Common.CurrentVersion.targets(5093,5): warning MSB3026: Could not copy "C:\Users\Tam Phuc\Documents\AlphaCinema_Project\backend\src\AlphaCinema.Services\bin\Debug\net9.0\AlphaCinema.Services.dll" to "bin\Debug\net9.0\AlphaCinema.Services.dll". Beginning retry 4 in 1000ms. The process cannot access the file 'C:\Users\Tam Phuc\Documents\AlphaCinema_Project\backend\src\AlphaCinema.API\bin\Debug\net9.0\AlphaCinema.Services.dll' because it is being used by another process. The file is locked by: "AlphaCinema.API (14744)" [C:\Users\Tam Phuc\Documents\AlphaCinema_Project\backend\src\AlphaCinema.API\AlphaCinema.API.csproj]
C:\Program Files\dotnet\sdk\9.0.304\Microsoft.Common.CurrentVersion.targets(5093,5): warning MSB3026: Could not copy "C:\Users\Tam Phuc\Documents\AlphaCinema_Project\backend\src\AlphaCinema.Services\bin\Debug\net9.0\AlphaCinema.Services.dll" to "bin\Debug\net9.0\AlphaCinema.Services.dll". Beginning retry 5 in 1000ms. The process cannot access the file 'C:\Users\Tam Phuc\Documents\AlphaCinema_Project\backend\src\AlphaCinema.API\bin\Debug\net9.0\AlphaCinema.Services.dll' because it is being used by another process. The file is locked by: "AlphaCinema.API (14744)" [C:\Users\Tam Phuc\Documents\AlphaCinema_Project\backend\src\AlphaCinema.API\AlphaCinema.API.csproj]
C:\Program Files\dotnet\sdk\9.0.304\Microsoft.Common.CurrentVersion.targets(5093,5): warning MSB3026: Could not copy "C:\Users\Tam Phuc\Documents\AlphaCinema_Project\backend\src\AlphaCinema.Services\bin\Debug\net9.0\AlphaCinema.Services.dll" to "bin\Debug\net9.0\AlphaCinema.Services.dll". Beginning retry 6 in 1000ms. The process cannot access the file 'C:\Users\Tam Phuc\Documents\AlphaCinema_Project\backend\src\AlphaCinema.API\bin\Debug\net9.0\AlphaCinema.Services.dll' because it is being used by another process. The file is locked by: "AlphaCinema.API (14744)" [C:\Users\Tam Phuc\Documents\AlphaCinema_Project\backend\src\AlphaCinema.API\AlphaCinema.API.csproj]
C:\Program Files\dotnet\sdk\9.0.304\Microsoft.Common.CurrentVersion.targets(5093,5): warning MSB3026: Could not copy "C:\Users\Tam Phuc\Documents\AlphaCinema_Project\backend\src\AlphaCinema.Services\bin\Debug\net9.0\AlphaCinema.Services.dll" to "bin\Debug\net9.0\AlphaCinema.Services.dll". Beginning retry 7 in 1000ms. The process cannot access the file 'C:\Users\Tam Phuc\Documents\AlphaCinema_Project\backend\src\AlphaCinema.API\bin\Debug\net9.0\AlphaCinema.Services.dll' because it is being used by another process. The file is locked by: "AlphaCinema.API (14744)" [C:\Users\Tam Phuc\Documents\AlphaCinema_Project\backend\src\AlphaCinema.API\AlphaCinema.API.csproj]
C:\Program Files\dotnet\sdk\9.0.304\Microsoft.Common.CurrentVersion.targets(5093,5): warning MSB3026: Could not copy "C:\Users\Tam Phuc\Documents\AlphaCinema_Project\backend\src\AlphaCinema.Services\bin\Debug\net9.0\AlphaCinema.Services.dll" to "bin\Debug\net9.0\AlphaCinema.Services.dll". Beginning retry 8 in 1000ms. The process cannot access the file 'C:\Users\Tam Phuc\Documents\AlphaCinema_Project\backend\src\AlphaCinema.API\bin\Debug\net9.0\AlphaCinema.Services.dll' because it is being used by another process. The file is locked by: "AlphaCinema.API (14744)" [C:\Users\Tam Phuc\Documents\AlphaCinema_Project\backend\src\AlphaCinema.API\AlphaCinema.API.csproj]
C:\Program Files\dotnet\sdk\9.0.304\Microsoft.Common.CurrentVersion.targets(5093,5): warning MSB3026: Could not copy "C:\Users\Tam Phuc\Documents\AlphaCinema_Project\backend\src\AlphaCinema.Services\bin\Debug\net9.0\AlphaCinema.Services.dll" to "bin\Debug\net9.0\AlphaCinema.Services.dll". Beginning retry 9 in 1000ms. The process cannot access the file 'C:\Users\Tam Phuc\Documents\AlphaCinema_Project\backend\src\AlphaCinema.API\bin\Debug\net9.0\AlphaCinema.Services.dll' because it is being used by another process. The file is locked by: "AlphaCinema.API (14744)" [C:\Users\Tam Phuc\Documents\AlphaCinema_Project\backend\src\AlphaCinema.API\AlphaCinema.API.csproj]
C:\Program Files\dotnet\sdk\9.0.304\Microsoft.Common.CurrentVersion.targets(5093,5): warning MSB3026: Could not copy "C:\Users\Tam Phuc\Documents\AlphaCinema_Project\backend\src\AlphaCinema.Services\bin\Debug\net9.0\AlphaCinema.Services.dll" to "bin\Debug\net9.0\AlphaCinema.Services.dll". Beginning retry 10 in 1000ms. The process cannot access the file 'C:\Users\Tam Phuc\Documents\AlphaCinema_Project\backend\src\AlphaCinema.API\bin\Debug\net9.0\AlphaCinema.Services.dll' because it is being used by another process. The file is locked by: "AlphaCinema.API (14744)" [C:\Users\Tam Phuc\Documents\AlphaCinema_Project\backend\src\AlphaCinema.API\AlphaCinema.API.csproj]
C:\Program Files\dotnet\sdk\9.0.304\Microsoft.Common.CurrentVersion.targets(5093,5): error MSB3027: Could not copy "C:\Users\Tam Phuc\Documents\AlphaCinema_Project\backend\src\AlphaCinema.Services\bin\Debug\net9.0\AlphaCinema.Services.dll" to "bin\Debug\net9.0\AlphaCinema.Services.dll". Exceeded retry count of 10. Failed. The file is locked by: "AlphaCinema.API (14744)" [C:\Users\Tam Phuc\Documents\AlphaCinema_Project\backend\src\AlphaCinema.API\AlphaCinema.API.csproj]
C:\Program Files\dotnet\sdk\9.0.304\Microsoft.Common.CurrentVersion.targets(5093,5): error MSB3021: Unable to copy file "C:\Users\Tam Phuc\Documents\AlphaCinema_Project\backend\src\AlphaCinema.Services\bin\Debug\net9.0\AlphaCinema.Services.dll" to "bin\Debug\net9.0\AlphaCinema.Services.dll". The process cannot access the file 'C:\Users\Tam Phuc\Documents\AlphaCinema_Project\backend\src\AlphaCinema.API\bin\Debug\net9.0\AlphaCinema.Services.dll' because it is being used by another process. [C:\Users\Tam Phuc\Documents\AlphaCinema_Project\backend\src\AlphaCinema.API\AlphaCinema.API.csproj]
    10 Warning(s)
    2 Error(s)

Time Elapsed 00:00:14.37

Workload updates are available. Run `dotnet workload list` for more information.
